--- FULL PIPELINE EXECUTION LOG ---

############################################################
### STEP: Updating Raw Market Data
############################################################
Attempting yfinance fetch for AAPL...
Merging with existing data for AAPL...
Saving 11450 rows to data/raw/AAPL.parquet
Attempting yfinance fetch for MSFT...
Merging with existing data for MSFT...
Saving 10124 rows to data/raw/MSFT.parquet
Attempting yfinance fetch for NVDA...
Merging with existing data for NVDA...
Saving 6873 rows to data/raw/NVDA.parquet
Attempting yfinance fetch for GOOGL...
Merging with existing data for GOOGL...
Saving 5472 rows to data/raw/GOOGL.parquet
Attempting yfinance fetch for AMZN...
Merging with existing data for AMZN...
Saving 7298 rows to data/raw/AMZN.parquet
Attempting yfinance fetch for META...
Merging with existing data for META...
Saving 3520 rows to data/raw/META.parquet
Attempting yfinance fetch for TSLA...
Merging with existing data for TSLA...
Saving 3997 rows to data/raw/TSLA.parquet
Attempting yfinance fetch for AMD...
Merging with existing data for AMD...
Saving 11638 rows to data/raw/AMD.parquet
Attempting yfinance fetch for QCOM...
Merging with existing data for QCOM...
Saving 8668 rows to data/raw/QCOM.parquet
Attempting yfinance fetch for NFLX...
Merging with existing data for NFLX...
Saving 6036 rows to data/raw/NFLX.parquet
Attempting yfinance fetch for AVGO...
Merging with existing data for AVGO...
Saving 4222 rows to data/raw/AVGO.parquet
Attempting yfinance fetch for SMCI...
Merging with existing data for SMCI...
Saving 4816 rows to data/raw/SMCI.parquet
Attempting yfinance fetch for MELI...
Merging with existing data for MELI...
Saving 4723 rows to data/raw/MELI.parquet
Attempting yfinance fetch for SHOP...
Merging with existing data for SHOP...
Saving 2766 rows to data/raw/SHOP.parquet
Attempting yfinance fetch for SNOW...
Merging with existing data for SNOW...
Saving 1425 rows to data/raw/SNOW.parquet
Attempting yfinance fetch for CRM...
Merging with existing data for CRM...
Saving 5512 rows to data/raw/CRM.parquet
Attempting yfinance fetch for NOW...
Merging with existing data for NOW...
Saving 3491 rows to data/raw/NOW.parquet
Attempting yfinance fetch for ADBE...
Merging with existing data for ADBE...
Saving 10018 rows to data/raw/ADBE.parquet
Attempting yfinance fetch for INTU...
Merging with existing data for INTU...
Saving 8354 rows to data/raw/INTU.parquet
Attempting yfinance fetch for UBER...
Merging with existing data for UBER...
Saving 1766 rows to data/raw/UBER.parquet
Attempting yfinance fetch for LYFT...
Merging with existing data for LYFT...
Saving 1795 rows to data/raw/LYFT.parquet
Attempting yfinance fetch for ABNB...
Merging with existing data for ABNB...
Saving 1365 rows to data/raw/ABNB.parquet
Attempting yfinance fetch for DASH...
Merging with existing data for DASH...
Saving 1366 rows to data/raw/DASH.parquet
Attempting yfinance fetch for RBLX...
Merging with existing data for RBLX...
Saving 1305 rows to data/raw/RBLX.parquet
Attempting yfinance fetch for SPOT...
Merging with existing data for SPOT...
Saving 2044 rows to data/raw/SPOT.parquet
Attempting yfinance fetch for DDOG...
Merging with existing data for DDOG...
Saving 1675 rows to data/raw/DDOG.parquet
Attempting yfinance fetch for NET...
Merging with existing data for NET...
Saving 1679 rows to data/raw/NET.parquet
Attempting yfinance fetch for ZS...
Merging with existing data for ZS...
Saving 2055 rows to data/raw/ZS.parquet
Attempting yfinance fetch for CRWD...
Merging with existing data for CRWD...
Saving 1744 rows to data/raw/CRWD.parquet
Attempting yfinance fetch for OKTA...
Merging with existing data for OKTA...
Saving 2291 rows to data/raw/OKTA.parquet
Attempting yfinance fetch for TSM...
Merging with existing data for TSM...
Saving 7196 rows to data/raw/TSM.parquet
Attempting yfinance fetch for ASML...
Merging with existing data for ASML...
Saving 7847 rows to data/raw/ASML.parquet
Attempting yfinance fetch for INTC...
Merging with existing data for INTC...
Saving 11638 rows to data/raw/INTC.parquet
Attempting yfinance fetch for MU...
Merging with existing data for MU...
Saving 10573 rows to data/raw/MU.parquet
Attempting yfinance fetch for ARM...
Merging with existing data for ARM...
Saving 672 rows to data/raw/ARM.parquet
Attempting yfinance fetch for LRCX...
Merging with existing data for LRCX...
Saving 10592 rows to data/raw/LRCX.parquet
Attempting yfinance fetch for AMAT...
Merging with existing data for AMAT...
Saving 11638 rows to data/raw/AMAT.parquet
Attempting yfinance fetch for KLAC...
Merging with existing data for KLAC...
Saving 11495 rows to data/raw/KLAC.parquet
Attempting yfinance fetch for MCHP...
Merging with existing data for MCHP...
Saving 8349 rows to data/raw/MCHP.parquet
Attempting yfinance fetch for SWKS...
Merging with existing data for SWKS...
Saving 10505 rows to data/raw/SWKS.parquet
Attempting yfinance fetch for JPM...
Merging with existing data for JPM...
Saving 11638 rows to data/raw/JPM.parquet
Attempting yfinance fetch for BAC...
Merging with existing data for BAC...
Saving 13424 rows to data/raw/BAC.parquet
Attempting yfinance fetch for GS...
Merging with existing data for GS...
Saving 6803 rows to data/raw/GS.parquet
Attempting yfinance fetch for MS...
Merging with existing data for MS...
Saving 8367 rows to data/raw/MS.parquet
Attempting yfinance fetch for V...
Merging with existing data for V...
Saving 4571 rows to data/raw/V.parquet
Attempting yfinance fetch for MA...
Merging with existing data for MA...
Saving 5027 rows to data/raw/MA.parquet
Attempting yfinance fetch for PYPL...
Merging with existing data for PYPL...
Saving 2735 rows to data/raw/PYPL.parquet
Attempting yfinance fetch for COIN...
Merging with existing data for COIN...
Saving 1281 rows to data/raw/COIN.parquet
Attempting yfinance fetch for MSTR...
Merging with existing data for MSTR...
Saving 7028 rows to data/raw/MSTR.parquet
Attempting yfinance fetch for SQ...
yfinance returned empty data for SQ.
yfinance failed for SQ, trying Alpha Vantage...
Attempting Alpha Vantage fetch for SQ...
Alpha Vantage error or no data for SQ: Unknown error
Pipeline error for SQ: Complete failure fetching data for symbol: SQ
Attempting yfinance fetch for BLK...
Merging with existing data for BLK...
Saving 6698 rows to data/raw/BLK.parquet
Attempting yfinance fetch for C...
Merging with existing data for C...
Saving 12447 rows to data/raw/C.parquet
Attempting yfinance fetch for WFC...
Merging with existing data for WFC...
Saving 13604 rows to data/raw/WFC.parquet
Attempting yfinance fetch for AXP...
Merging with existing data for AXP...
Saving 13604 rows to data/raw/AXP.parquet
Attempting yfinance fetch for SCHW...
Merging with existing data for SCHW...
Saving 9738 rows to data/raw/SCHW.parquet
Attempting yfinance fetch for XOM...
Merging with existing data for XOM...
Saving 16203 rows to data/raw/XOM.parquet
Attempting yfinance fetch for CVX...
Merging with existing data for CVX...
Saving 16203 rows to data/raw/CVX.parquet
Attempting yfinance fetch for SHEL...
Merging with existing data for SHEL...
Saving 10630 rows to data/raw/SHEL.parquet
Attempting yfinance fetch for BP...
Merging with existing data for BP...
Saving 16203 rows to data/raw/BP.parquet
Attempting yfinance fetch for XLE...
Merging with existing data for XLE...
Unexpected error processing XLE: Cannot compare tz-naive and tz-aware timestamps
Attempting yfinance fetch for OXY...
Merging with existing data for OXY...
Saving 11185 rows to data/raw/OXY.parquet
Attempting yfinance fetch for COP...
Merging with existing data for COP...
Saving 11185 rows to data/raw/COP.parquet
Attempting yfinance fetch for SLB...
Merging with existing data for SLB...
Saving 11185 rows to data/raw/SLB.parquet
Attempting yfinance fetch for JNJ...
Merging with existing data for JNJ...
Saving 16203 rows to data/raw/JNJ.parquet
Attempting yfinance fetch for LLY...
Merging with existing data for LLY...
Saving 13604 rows to data/raw/LLY.parquet
Attempting yfinance fetch for UNH...
Merging with existing data for UNH...
Saving 10477 rows to data/raw/UNH.parquet
Attempting yfinance fetch for PFE...
Merging with existing data for PFE...
Saving 13604 rows to data/raw/PFE.parquet
Attempting yfinance fetch for ABBV...
Merging with existing data for ABBV...
Saving 3365 rows to data/raw/ABBV.parquet
Attempting yfinance fetch for MRNA...
Merging with existing data for MRNA...
Saving 1871 rows to data/raw/MRNA.parquet
Attempting yfinance fetch for BNTX...
Merging with existing data for BNTX...
Saving 1660 rows to data/raw/BNTX.parquet
Attempting yfinance fetch for GILD...
Merging with existing data for GILD...
Saving 8642 rows to data/raw/GILD.parquet
Attempting yfinance fetch for BIIB...
Merging with existing data for BIIB...
Saving 8730 rows to data/raw/BIIB.parquet
Attempting yfinance fetch for REGN...
Merging with existing data for REGN...
Saving 8847 rows to data/raw/REGN.parquet
Attempting yfinance fetch for WMT...
Merging with existing data for WMT...
Saving 13544 rows to data/raw/WMT.parquet
Attempting yfinance fetch for PG...
Merging with existing data for PG...
Saving 16203 rows to data/raw/PG.parquet
Attempting yfinance fetch for COST...
Merging with existing data for COST...
Saving 10043 rows to data/raw/COST.parquet
Attempting yfinance fetch for KO...
Merging with existing data for KO...
Saving 16203 rows to data/raw/KO.parquet
Attempting yfinance fetch for PEP...
Merging with existing data for PEP...
Saving 13604 rows to data/raw/PEP.parquet
Attempting yfinance fetch for TGT...
Merging with existing data for TGT...
Saving 13424 rows to data/raw/TGT.parquet
Attempting yfinance fetch for HD...
Merging with existing data for HD...
Saving 11255 rows to data/raw/HD.parquet
Attempting yfinance fetch for NKE...
Merging with existing data for NKE...
Saving 11458 rows to data/raw/NKE.parquet
Attempting yfinance fetch for SBUX...
Merging with existing data for SBUX...
Saving 8533 rows to data/raw/SBUX.parquet
Attempting yfinance fetch for MCD...
Merging with existing data for MCD...
Saving 15068 rows to data/raw/MCD.parquet
Attempting yfinance fetch for XLU...
Merging with existing data for XLU...
Unexpected error processing XLU: Cannot compare tz-naive and tz-aware timestamps
Attempting yfinance fetch for NEE...
Merging with existing data for NEE...
Saving 13424 rows to data/raw/NEE.parquet
Attempting yfinance fetch for DUK...
Merging with existing data for DUK...
Saving 11638 rows to data/raw/DUK.parquet
Attempting yfinance fetch for SO...
Merging with existing data for SO...
Saving 11185 rows to data/raw/SO.parquet
Attempting yfinance fetch for D...
Merging with existing data for D...
Saving 11638 rows to data/raw/D.parquet
Attempting yfinance fetch for BA...
Merging with existing data for BA...
Saving 16203 rows to data/raw/BA.parquet
Attempting yfinance fetch for CAT...
Merging with existing data for CAT...
Saving 16203 rows to data/raw/CAT.parquet
Attempting yfinance fetch for GE...
Merging with existing data for GE...
Saving 16203 rows to data/raw/GE.parquet
Attempting yfinance fetch for LMT...
Merging with existing data for LMT...
Saving 16202 rows to data/raw/LMT.parquet
Attempting yfinance fetch for RTX...
Merging with existing data for RTX...
Saving 16140 rows to data/raw/RTX.parquet
Attempting yfinance fetch for NOC...
Merging with existing data for NOC...
Saving 11185 rows to data/raw/NOC.parquet
Attempting yfinance fetch for RIVN...
Merging with existing data for RIVN...
Saving 1134 rows to data/raw/RIVN.parquet
Attempting yfinance fetch for LCID...
Merging with existing data for LCID...
Saving 1423 rows to data/raw/LCID.parquet
Attempting yfinance fetch for XPEV...
Merging with existing data for XPEV...
Saving 1438 rows to data/raw/XPEV.parquet
Attempting yfinance fetch for NIO...
Merging with existing data for NIO...
Saving 1931 rows to data/raw/NIO.parquet
Attempting yfinance fetch for F...
Merging with existing data for F...
Saving 13604 rows to data/raw/F.parquet
Attempting yfinance fetch for GM...
Merging with existing data for GM...
Saving 3897 rows to data/raw/GM.parquet
Attempting yfinance fetch for BABA...
Merging with existing data for BABA...
Saving 2933 rows to data/raw/BABA.parquet
Attempting yfinance fetch for JD...
Merging with existing data for JD...
Saving 3016 rows to data/raw/JD.parquet
Attempting yfinance fetch for PDD...
Merging with existing data for PDD...
Saving 1964 rows to data/raw/PDD.parquet
Attempting yfinance fetch for BIDU...
Merging with existing data for BIDU...
Saving 5229 rows to data/raw/BIDU.parquet
Attempting yfinance fetch for MELI...
Merging with existing data for MELI...
Saving 4723 rows to data/raw/MELI.parquet
Attempting yfinance fetch for NU...
Merging with existing data for NU...
Saving 1114 rows to data/raw/NU.parquet
Attempting yfinance fetch for STNE...
Merging with existing data for STNE...
Saving 1900 rows to data/raw/STNE.parquet
Attempting yfinance fetch for PLTR...
Merging with existing data for PLTR...
Saving 1415 rows to data/raw/PLTR.parquet
Attempting yfinance fetch for SOUN...
Merging with existing data for SOUN...
Saving 1018 rows to data/raw/SOUN.parquet
Attempting yfinance fetch for IONQ...
Merging with existing data for IONQ...
Saving 1350 rows to data/raw/IONQ.parquet
Attempting yfinance fetch for QBTS...
Merging with existing data for QBTS...
Saving 1364 rows to data/raw/QBTS.parquet
Attempting yfinance fetch for RGTI...
Merging with existing data for RGTI...
Saving 1275 rows to data/raw/RGTI.parquet
Attempting yfinance fetch for BBAI...
Merging with existing data for BBAI...
Saving 1288 rows to data/raw/BBAI.parquet
Attempting yfinance fetch for SPY...
Merging with existing data for SPY...
Saving 8383 rows to data/raw/SPY.parquet
Attempting yfinance fetch for QQQ...
Merging with existing data for QQQ...
Saving 6841 rows to data/raw/QQQ.parquet
Attempting yfinance fetch for VRT...
Merging with existing data for VRT...
Saving 1959 rows to data/raw/VRT.parquet
Attempting yfinance fetch for GLD...
Merging with existing data for GLD...
Saving 5408 rows to data/raw/GLD.parquet
Attempting yfinance fetch for SLV...
Merging with existing data for SLV...
Saving 5046 rows to data/raw/SLV.parquet
Attempting yfinance fetch for TLT...
Merging with existing data for TLT...
Saving 5990 rows to data/raw/TLT.parquet
Attempting yfinance fetch for HYG...
Merging with existing data for HYG...
Saving 4808 rows to data/raw/HYG.parquet
Fetching VIX data (market regime filter)...
VIX data saved.
Fetching Sector ETFs: ['XLK', 'XLF', 'XLE', 'XLV', 'XLY', 'XLU', 'XLI', 'XLB', 'XLC']
Sector data saved.
Fetching Earnings Calendar dates...

ERRORS/WARNINGS:
$SQ: possibly delisted; no timezone found
HTTP Error 404: {"quoteSummary":{"result":null,"error":{"code":"Not Found","description":"No fundamentals data found for symbol: SQ"}}}
HTTP Error 404: {"quoteSummary":{"result":null,"error":{"code":"Not Found","description":"No fundamentals data found for symbol: XLE"}}}
HTTP Error 404: {"quoteSummary":{"result":null,"error":{"code":"Not Found","description":"No fundamentals data found for symbol: XLU"}}}
HTTP Error 404: {"quoteSummary":{"result":null,"error":{"code":"Not Found","description":"No fundamentals data found for symbol: SPY"}}}
HTTP Error 404: {"quoteSummary":{"result":null,"error":{"code":"Not Found","description":"No fundamentals data found for symbol: QQQ"}}}
HTTP Error 404: {"quoteSummary":{"result":null,"error":{"code":"Not Found","description":"No fundamentals data found for symbol: GLD"}}}
HTTP Error 404: {"quoteSummary":{"result":null,"error":{"code":"Not Found","description":"No fundamentals data found for symbol: SLV"}}}
HTTP Error 404: {"quoteSummary":{"result":null,"error":{"code":"Not Found","description":"No fundamentals data found for symbol: TLT"}}}
HTTP Error 404: {"quoteSummary":{"result":null,"error":{"code":"Not Found","description":"No fundamentals data found for symbol: HYG"}}}

############################################################
### STEP: Generating Advanced Features
############################################################
Starting feature generation for 126 symbols...
Loading SPY as market context...
Loading VIX as market regime context...
Processing features for WFC...
Saving 6881 rows of engineered data to data/features/WFC.parquet
Processing features for ABNB...
Saving 1304 rows of engineered data to data/features/ABNB.parquet
Processing features for SHEL...
Saving 6880 rows of engineered data to data/features/SHEL.parquet
Processing features for DUK...
Saving 6881 rows of engineered data to data/features/DUK.parquet
Processing features for PDD...
Saving 1903 rows of engineered data to data/features/PDD.parquet
Processing features for RGTI...
Saving 1207 rows of engineered data to data/features/RGTI.parquet
Processing features for PLTR...
Saving 1354 rows of engineered data to data/features/PLTR.parquet
Processing features for BIDU...
Saving 5168 rows of engineered data to data/features/BIDU.parquet
Processing features for CVX...
Saving 6881 rows of engineered data to data/features/CVX.parquet
Processing features for ARM...
Saving 611 rows of engineered data to data/features/ARM.parquet
Processing features for SMCI...
Saving 4755 rows of engineered data to data/features/SMCI.parquet
Processing features for LRCX...
Saving 6881 rows of engineered data to data/features/LRCX.parquet
Processing features for AXP...
Saving 6881 rows of engineered data to data/features/AXP.parquet
Processing features for TSLA...
Saving 3936 rows of engineered data to data/features/TSLA.parquet
Processing features for BNTX...
Saving 1599 rows of engineered data to data/features/BNTX.parquet
Processing features for AMZN...
Saving 6881 rows of engineered data to data/features/AMZN.parquet
Processing features for MA...
Saving 4966 rows of engineered data to data/features/MA.parquet
Processing features for NU...
Saving 1053 rows of engineered data to data/features/NU.parquet
Processing features for SWKS...
Saving 8340 rows of engineered data to data/features/SWKS.parquet
Processing features for AVGO...
Saving 4161 rows of engineered data to data/features/AVGO.parquet
Processing features for HD...
Saving 6881 rows of engineered data to data/features/HD.parquet
Processing features for QBTS...
Saving 1303 rows of engineered data to data/features/QBTS.parquet
Processing features for V...
Saving 4510 rows of engineered data to data/features/V.parquet
Processing features for GS...
Saving 6742 rows of engineered data to data/features/GS.parquet
Processing features for COST...
Saving 6881 rows of engineered data to data/features/COST.parquet
Processing features for IONQ...
Saving 1289 rows of engineered data to data/features/IONQ.parquet
Processing features for GE...
Saving 6881 rows of engineered data to data/features/GE.parquet
Processing features for ABBV...
Saving 3304 rows of engineered data to data/features/ABBV.parquet
Processing features for TSM...
Saving 6881 rows of engineered data to data/features/TSM.parquet
Processing features for MELI...
Saving 4662 rows of engineered data to data/features/MELI.parquet
Processing features for PEP...
Saving 6881 rows of engineered data to data/features/PEP.parquet
Processing features for MSFT...
Saving 6881 rows of engineered data to data/features/MSFT.parquet
Processing features for ZS...
Saving 1994 rows of engineered data to data/features/ZS.parquet
Processing features for F...
Saving 8346 rows of engineered data to data/features/F.parquet
Processing features for CAT...
Saving 6881 rows of engineered data to data/features/CAT.parquet
Processing features for SBUX...
Saving 6881 rows of engineered data to data/features/SBUX.parquet
Processing features for INTU...
Saving 8293 rows of engineered data to data/features/INTU.parquet
Processing features for SNOW...
Saving 1364 rows of engineered data to data/features/SNOW.parquet
Processing features for SLB...
Saving 6881 rows of engineered data to data/features/SLB.parquet
Processing features for PG...
Saving 6881 rows of engineered data to data/features/PG.parquet
Processing features for BP...
Saving 6881 rows of engineered data to data/features/BP.parquet
Processing features for BA...
Saving 6881 rows of engineered data to data/features/BA.parquet
Processing features for MRNA...
Saving 1810 rows of engineered data to data/features/MRNA.parquet
Processing features for META...
Saving 1978 rows of engineered data to data/features/META.parquet
Processing features for RBLX...
Saving 1244 rows of engineered data to data/features/RBLX.parquet
Processing features for JD...
Saving 2955 rows of engineered data to data/features/JD.parquet
Processing features for GM...
Saving 3836 rows of engineered data to data/features/GM.parquet
Processing features for MSTR...
Saving 6881 rows of engineered data to data/features/MSTR.parquet
Processing features for QCOM...
Saving 6881 rows of engineered data to data/features/QCOM.parquet
Processing features for MCHP...
Saving 6881 rows of engineered data to data/features/MCHP.parquet
Processing features for OKTA...
Saving 2230 rows of engineered data to data/features/OKTA.parquet
Processing features for GILD...
Saving 6877 rows of engineered data to data/features/GILD.parquet
Processing features for PFE...
Saving 6881 rows of engineered data to data/features/PFE.parquet
Processing features for MU...
Saving 6881 rows of engineered data to data/features/MU.parquet
Processing features for NFLX...
Saving 1978 rows of engineered data to data/features/NFLX.parquet
Processing features for AMAT...
Saving 6881 rows of engineered data to data/features/AMAT.parquet
Processing features for NOC...
Saving 6881 rows of engineered data to data/features/NOC.parquet
Processing features for MS...
Saving 6881 rows of engineered data to data/features/MS.parquet
Processing features for CRWD...
Saving 1683 rows of engineered data to data/features/CRWD.parquet
Processing features for JPM...
Saving 6881 rows of engineered data to data/features/JPM.parquet
Processing features for AAPL...
Saving 6881 rows of engineered data to data/features/AAPL.parquet
Processing features for NEE...
Saving 6881 rows of engineered data to data/features/NEE.parquet
Processing features for DDOG...
Saving 1614 rows of engineered data to data/features/DDOG.parquet
Processing features for JNJ...
Saving 6881 rows of engineered data to data/features/JNJ.parquet
Processing features for NOW...
Saving 3430 rows of engineered data to data/features/NOW.parquet
Processing features for COP...
Saving 6881 rows of engineered data to data/features/COP.parquet
Processing features for STNE...
Saving 1839 rows of engineered data to data/features/STNE.parquet
Processing features for UBER...
Saving 1705 rows of engineered data to data/features/UBER.parquet
Processing features for GOOGL...
Saving 1978 rows of engineered data to data/features/GOOGL.parquet
Processing features for NIO...
Saving 1870 rows of engineered data to data/features/NIO.parquet
Processing features for SHOP...
Saving 2705 rows of engineered data to data/features/SHOP.parquet
Processing features for OXY...
Saving 6881 rows of engineered data to data/features/OXY.parquet
Processing features for NET...
Saving 1618 rows of engineered data to data/features/NET.parquet
Processing features for NVDA...
Saving 6812 rows of engineered data to data/features/NVDA.parquet
Processing features for WMT...
Saving 6881 rows of engineered data to data/features/WMT.parquet
Processing features for SPOT...
Saving 1978 rows of engineered data to data/features/SPOT.parquet
Processing features for D...
Saving 6881 rows of engineered data to data/features/D.parquet
Processing features for VRT...
Saving 1890 rows of engineered data to data/features/VRT.parquet
Processing features for RTX...
Saving 6881 rows of engineered data to data/features/RTX.parquet
Processing features for SPY...
Saving 8322 rows of engineered data to data/features/SPY.parquet
Processing features for XPEV...
Saving 1377 rows of engineered data to data/features/XPEV.parquet
Processing features for BLK...
Saving 6637 rows of engineered data to data/features/BLK.parquet
Processing features for ASML...
Saving 6881 rows of engineered data to data/features/ASML.parquet
Processing features for REGN...
Saving 6881 rows of engineered data to data/features/REGN.parquet
Processing features for COIN...
Saving 1220 rows of engineered data to data/features/COIN.parquet
Processing features for RIVN...
Saving 1073 rows of engineered data to data/features/RIVN.parquet
Processing features for INTC...
Saving 6881 rows of engineered data to data/features/INTC.parquet
Processing features for KO...
Saving 6881 rows of engineered data to data/features/KO.parquet
Processing features for KLAC...
Saving 6881 rows of engineered data to data/features/KLAC.parquet
Processing features for BAC...
Saving 6881 rows of engineered data to data/features/BAC.parquet
Processing features for AMD...
Saving 6880 rows of engineered data to data/features/AMD.parquet
Processing features for MCD...
Saving 6881 rows of engineered data to data/features/MCD.parquet
Processing features for LLY...
Saving 6881 rows of engineered data to data/features/LLY.parquet
Processing features for SO...
Saving 6881 rows of engineered data to data/features/SO.parquet
Processing features for LMT...
Saving 6881 rows of engineered data to data/features/LMT.parquet
Processing features for SOUN...
Saving 957 rows of engineered data to data/features/SOUN.parquet
Processing features for PYPL...
Saving 2674 rows of engineered data to data/features/PYPL.parquet
Processing features for NKE...
Saving 6881 rows of engineered data to data/features/NKE.parquet
Processing features for BABA...
Saving 2872 rows of engineered data to data/features/BABA.parquet
Processing features for LYFT...
Saving 1734 rows of engineered data to data/features/LYFT.parquet
Processing features for SCHW...
Saving 6881 rows of engineered data to data/features/SCHW.parquet
Processing features for DASH...
Saving 1305 rows of engineered data to data/features/DASH.parquet
Processing features for TGT...
Saving 6881 rows of engineered data to data/features/TGT.parquet
Processing features for LCID...
Saving 1362 rows of engineered data to data/features/LCID.parquet
Processing features for C...
Saving 6881 rows of engineered data to data/features/C.parquet
Processing features for BIIB...
Saving 6879 rows of engineered data to data/features/BIIB.parquet
Processing features for ADBE...
Saving 6881 rows of engineered data to data/features/ADBE.parquet
Processing features for BBAI...
Saving 1227 rows of engineered data to data/features/BBAI.parquet
Processing features for UNH...
Saving 6881 rows of engineered data to data/features/UNH.parquet
Processing features for XOM...
Saving 6881 rows of engineered data to data/features/XOM.parquet
Processing features for CRM...
Saving 5451 rows of engineered data to data/features/CRM.parquet
Processing features for QQQ...
Saving 6780 rows of engineered data to data/features/QQQ.parquet

############################################################
### STEP: Auditing Feature Quality
############################################################

==================================================
AUDIT REPORT FOR: data/features/XLU.parquet
==================================================
Total rows: 6774
Date Range: 1999-03-12 00:00:00 to 2026-02-13 00:00:00
Total Null values: 0

--- Feature Quality Checks ---
RSI between 0-100: PASS
RSI Mean: 53.44
ATR mean: 0.25
ADX mean: 22.88
MACD mean: 0.04
Rows below Support_30: 571 (8.4%)
Rows above Resistance_30: 1133 (16.7%)

--- Target Distribution (Class Balance) ---
Class 0 (BEARISH (<-2%)): 26.23%
Class 1 (NEUTRAL): 48.10%
Class 2 (BULLISH (>+2%)): 25.67%

--- VIX Regime ---
Rows in HIGH VOLATILITY regime (VIX>30): 9.2%
Avg Volatility (rolling_vol_30): 0.0106
==================================================


==================================================
AUDIT REPORT FOR: data/features/WFC.parquet
==================================================
Total rows: 6881
Date Range: 1998-12-30 00:00:00 to 2026-05-08 00:00:00
Total Null values: 0

--- Feature Quality Checks ---
RSI between 0-100: PASS
RSI Mean: 52.25
ATR mean: 0.71
ADX mean: 21.61
MACD mean: 0.07
Rows below Support_30: 590 (8.6%)
Rows above Resistance_30: 1004 (14.6%)

--- Target Distribution (Class Balance) ---
Class 0 (BEARISH (<-2%)): 28.19%
Class 1 (NEUTRAL): 43.08%
Class 2 (BULLISH (>+2%)): 28.73%

--- VIX Regime ---
Rows in HIGH VOLATILITY regime (VIX>30): 9.2%
Avg Volatility (rolling_vol_30): 0.0186
==================================================


############################################################
### STEP: Training Global XGBoost Model
############################################################
Starting GLOBAL training pipeline for symbols: ['AAPL', 'MSFT', 'NVDA', 'GOOGL', 'AMZN', 'META', 'TSLA', 'AMD', 'QCOM', 'NFLX', 'AVGO', 'SMCI', 'MELI', 'SHOP', 'SNOW', 'CRM', 'NOW', 'ADBE', 'INTU', 'UBER', 'LYFT', 'ABNB', 'DASH', 'RBLX', 'SPOT', 'DDOG', 'NET', 'ZS', 'CRWD', 'OKTA', 'TSM', 'ASML', 'INTC', 'MU', 'ARM', 'LRCX', 'AMAT', 'KLAC', 'MCHP', 'SWKS', 'JPM', 'BAC', 'GS', 'MS', 'V', 'MA', 'PYPL', 'COIN', 'MSTR', 'SQ', 'BLK', 'C', 'WFC', 'AXP', 'SCHW', 'XOM', 'CVX', 'SHEL', 'BP', 'XLE', 'OXY', 'COP', 'SLB', 'JNJ', 'LLY', 'UNH', 'PFE', 'ABBV', 'MRNA', 'BNTX', 'GILD', 'BIIB', 'REGN', 'WMT', 'PG', 'COST', 'KO', 'PEP', 'TGT', 'HD', 'NKE', 'SBUX', 'MCD', 'XLU', 'NEE', 'DUK', 'SO', 'D', 'BA', 'CAT', 'GE', 'LMT', 'RTX', 'NOC', 'RIVN', 'LCID', 'XPEV', 'NIO', 'F', 'GM', 'BABA', 'JD', 'PDD', 'BIDU', 'MELI', 'NU', 'STNE', 'PLTR', 'SOUN', 'IONQ', 'QBTS', 'RGTI', 'BBAI', 'SPY', 'QQQ', 'VRT', 'GLD', 'SLV', 'TLT', 'HYG']
Pooling data from 120 symbols for Global Model...
Warning: File data/features/SQ.parquet not found. Skipping.
Total pooled data: 594622 rows.

  [Walk-Forward] Training years: 1993-2020
  [Walk-Forward] Test fold years: [2021, 2022, 2023, 2024, 2025, 2026]

  [Regime Filter] Removed 8446 rows from outlier periods (e.g., COVID crash).
  [Walk-Forward] Fold 2021: Accuracy=0.4076 (n_test=28335)
  [Regime Filter] Removed 8446 rows from outlier periods (e.g., COVID crash).
  [Walk-Forward] Fold 2022: Accuracy=0.3894 (n_test=29428)
  [Regime Filter] Removed 8446 rows from outlier periods (e.g., COVID crash).
  [Walk-Forward] Fold 2023: Accuracy=0.3929 (n_test=29521)
  [Regime Filter] Removed 8446 rows from outlier periods (e.g., COVID crash).
  [Walk-Forward] Fold 2024: Accuracy=0.3806 (n_test=29988)
  [Regime Filter] Removed 8446 rows from outlier periods (e.g., COVID crash).
  [Walk-Forward] Fold 2025: Accuracy=0.3809 (n_test=29750)
  [Regime Filter] Removed 8446 rows from outlier periods (e.g., COVID crash).
  [Walk-Forward] Fold 2026: Accuracy=0.3787 (n_test=10124)

============================================================
WALK-FORWARD VALIDATION RESULTS — GLOBAL_MODEL
============================================================
              precision    recall  f1-score   support

     BEARISH       0.42      0.36      0.39     58702
     NEUTRAL       0.37      0.60      0.46     43266
     BULLISH       0.39      0.26      0.31     55178

    accuracy                           0.39    157146
   macro avg       0.39      0.41      0.38    157146
weighted avg       0.39      0.39      0.38    157146


📊 HUMAN-READABLE METRICS SUMMARY (GLOBAL_MODEL):
  👉 TOTAL MODEL ACCURACY (Overall): 38.94%
  👉 BEARISH Prediction Precision (Category %): 41.79%
  👉 NEUTRAL Prediction Precision (Category %): 36.90%
  👉 BULLISH Prediction Precision (Category %): 38.89%
============================================================


  [Historical Train] Training leakage-free backtest model (up to 2020-12-31) for GLOBAL_MODEL...
  [Regime Filter] Removed 8446 rows from outlier periods (e.g., COVID crash).
Model and metadata saved to models
  [Historical Train] Leakage-free model saved as models/xgboost_global_stock_model_historical.json

  [Final Train] Training production model on all clean data for GLOBAL_MODEL...
  [Regime Filter] Removed 8446 rows from outlier periods (e.g., COVID crash).
  [Final Train] Production model ready. (586176 rows)

Top 10 Most Important Features (GLOBAL_MODEL):
rolling_vol_30           0.237664
Dist_to_Resistance_30    0.119169
Dist_to_Support_30       0.095818
Support_30               0.050485
volume_sma_30            0.048787
returns_14d              0.038786
VIX_close                0.036670
Resistance_30            0.033812
returns_10d              0.033320
returns_1d               0.032595
Model and metadata saved to models

Global model successfully trained and saved.

############################################################
### STEP: Backtesting PnL (Buy & Hold 7 days)
############################################################

🚀 STARTING BACKTEST (Threshold: 0.4, Hold: 7 days) 🚀
Model loaded from models/xgboost_global_stock_model_historical.json
✅ SUCCESS: Loaded leakage-free historical model (trained up to 2020) to prevent overfitting/lookahead bias.

==================================================
BACKTEST RESULTS - 119 Symbols
==================================================
Total signals triggered:  2267
Winning trades:           1220 (53.82%)
Average return per trade: 1.39%
Total Return (Additive):  3146.17%
==================================================

Top 5 Best Trades:
     symbol       date      prob    return
196    SMCI 2024-01-18  0.412297  0.591543
459    QBTS 2025-05-15  0.448243  0.591115
1042   MSTR 2024-02-05  0.406600  0.569262
458    QBTS 2025-05-06  0.432477  0.525588
1015   MSTR 2023-01-05  0.425213  0.506898

Top 5 Worst Trades:
     symbol       date      prob    return
1009   MSTR 2022-10-31  0.438719 -0.363164
993    MSTR 2022-05-05  0.522027 -0.359309
996    MSTR 2022-06-07  0.400490 -0.327750
983    MSTR 2022-01-18  0.474037 -0.317823
366    SWKS 2020-03-05  0.429624 -0.311289 

Model loaded from models/xgboost_global_stock_model_historical.json
✅ SUCCESS: Loaded leakage-free historical model (trained up to 2020) to prevent overfitting/lookahead bias.

============================================================
Threshold    | Precision    | Signals Count   | % of Test Set
------------------------------------------------------------
0.35         | 0.3994       | 29189           | 24.7%
0.38         | 0.4128       | 16073           | 13.6%
0.40         | 0.4190       | 9916            | 8.4%
0.42         | 0.4304       | 5637            | 4.8%
0.45         | 0.4580       | 2035            | 1.7%
0.48         | 0.5290       | 535             | 0.5%
0.50         | 0.5337       | 178             | 0.2%
0.52         | 0.5897       | 39              | 0.0%

############################################################
### STEP: Generating Latest Predictions
############################################################
Model loaded from models/xgboost_global_stock_model.json

====================================================================================================
SYMBOL SIGNAL     CONFIDENCE METRICS                       
====================================================================================================
AAPL   🟡 HOLD     ████░░░░░░  Gap: +12.9pts  B:28.4% N:42.2% Be:29.4%  [MODERATE]
MSFT   ⚪ NO SIGNAL ██░░░░░░░░  Gap:  +7.4pts  B:28.8% N:39.3% Be:31.9%
NVDA   ⚪ NO SIGNAL ░░░░░░░░░░  Gap:  +2.1pts  B:32.4% N:32.8% Be:34.9%
TSLA   🔴 SELL     ███░░░░░░░  Gap: +11.2pts  B:29.2% N:29.8% Be:41.0%  [MODERATE]
MELI   ⚪ NO SIGNAL ░░░░░░░░░░  Gap:  +2.2pts  B:39.6% N:18.7% Be:41.7%
VRT    ⚪ NO SIGNAL ███░░░░░░░  Gap:  +9.5pts  B:35.5% N:19.4% Be:45.0%
JPM    ⚪ NO SIGNAL ░░░░░░░░░░  Gap:  +0.0pts  B:33.4% N:33.4% Be:33.3%
GS     ⚪ NO SIGNAL ░░░░░░░░░░  Gap:  +1.3pts  B:34.9% N:29.0% Be:36.2%
JNJ    🟡 HOLD     █████░░░░░  Gap: +15.6pts  B:28.7% N:44.3% Be:27.0%  [MODERATE]
WMT    ⚪ NO SIGNAL █░░░░░░░░░  Gap:  +5.6pts  B:31.8% N:37.4% Be:30.8%
XOM    ⚪ NO SIGNAL ░░░░░░░░░░  Gap:  +1.3pts  B:36.8% N:27.8% Be:35.5%
NEE    ⚪ NO SIGNAL ░░░░░░░░░░  Gap:  +1.1pts  B:34.1% N:32.8% Be:33.1%
SPY    🟡 HOLD     ██████████  Gap: +57.9pts  B: 9.9% N:74.0% Be:16.1%  [HIGH CONVICTION]
QQQ    🟡 HOLD     ██████████  Gap: +32.7pts  B:15.9% N:58.4% Be:25.7%  [HIGH CONVICTION]
META   ⚪ NO SIGNAL ██░░░░░░░░  Gap:  +7.2pts  B:34.5% N:23.8% Be:41.7%
GOOGL  ⚪ NO SIGNAL ░░░░░░░░░░  Gap:  +2.4pts  B:34.2% N:29.2% Be:36.6%
AMZN   ⚪ NO SIGNAL ██░░░░░░░░  Gap:  +8.7pts  B:31.0% N:39.6% Be:29.4%
AMD    ⚪ NO SIGNAL ██░░░░░░░░  Gap:  +8.2pts  B:39.6% N:12.5% Be:47.8%
NFLX   ⚪ NO SIGNAL ░░░░░░░░░░  Gap:  +2.8pts  B:38.2% N:26.4% Be:35.4%
AVGO   ⚪ NO SIGNAL ░░░░░░░░░░  Gap:  +2.8pts  B:36.3% N:24.6% Be:39.1%
COIN   ⚪ NO SIGNAL █░░░░░░░░░  Gap:  +4.7pts  B:39.9% N:15.6% Be:44.6%
MSTR   ⚪ NO SIGNAL ██░░░░░░░░  Gap:  +7.0pts  B:38.2% N:16.5% Be:45.2%
SHOP   ⚪ NO SIGNAL █░░░░░░░░░  Gap:  +4.5pts  B:40.9% N:13.7% Be:45.4%
BABA   ⚪ NO SIGNAL ░░░░░░░░░░  Gap:  +0.0pts  B:37.0% N:25.9% Be:37.0%
NIO    ⚪ NO SIGNAL ░░░░░░░░░░  Gap:  +1.9pts  B:42.1% N:17.6% Be:40.2%
PLTR   ⚪ NO SIGNAL ██░░░░░░░░  Gap:  +6.0pts  B:37.1% N:19.7% Be:43.2%
Error: No feature data found for SQ
RIVN   ⚪ NO SIGNAL █░░░░░░░░░  Gap:  +3.0pts  B:41.4% N:20.2% Be:38.4%
LCID   ⚪ NO SIGNAL ░░░░░░░░░░  Gap:  +1.9pts  B:42.6% N:12.9% Be:44.5%
SMCI   ⚪ NO SIGNAL ██░░░░░░░░  Gap:  +8.0pts  B:40.0% N:11.9% Be:48.0%
====================================================================================================
Results saved to data/latest_predictions.md
